################################################################################
#                                                                              #
#      IAR Universal Linker V6.5.4.100                                         #
#                                                                              #
#           Link time     =  15/Mar/2021  19:37:39                             #
#           Target CPU    =  MSP430                                            #
#           List file     =  "D:\Software\Back-end based\CIIC4082-Calculator\D #
#                            ebug\List\calculator.map"                         #
#           Output file 1 =  "D:\Software\Back-end based\CIIC4082-Calculator\D #
#                            ebug\Exe\calculator.d43"                          #
#                            Format: ubrof10                                   #
#                            UBROF version 10.0.6                              #
#                            Using library modules for C-SPY (-rt)             #
#           Command line  =  -f C:\Users\darkr\AppData\Local\Temp\EWD291.tmp   #
#                            ("D:\Software\Back-end based\CIIC4082-Calculator\ #
#                            Debug\Obj\asm.r43"                                #
#                            -o                                                #
#                            "D:\Software\Back-end based\CIIC4082-Calculator\D #
#                            ebug\Exe\calculator.d43"                          #
#                            -l                                                #
#                            "D:\Software\Back-end based\CIIC4082-Calculator\D #
#                            ebug\List\calculator.map"                         #
#                            -xms                                              #
#                            "-IC:\Program Files (x86)\IAR Systems\Embedded Wo #
#                            rkbench 8.4\430\LIB\"                             #
#                            -f                                                #
#                            "C:\Program Files (x86)\IAR Systems\Embedded Work #
#                            bench 8.4\430\config\linker\lnk430fr6989.xcl"     #
#                            (-cmsp430 -QCODE_I=CODE_ID -QTLS16_I=TLS16_ID     #
#                            -D__iar_HWMUL=4C0 -Z(CONST)INFO=1800-19FF         #
#                            -Z(CONST)INFOA=1980-19FF                          #
#                            -Z(CONST)INFOB=1900-197F                          #
#                            -Z(CONST)INFOC=1880-18FF                          #
#                            -Z(CONST)INFOD=1800-187F                          #
#                            -Z(DATA)TINYRAM=0006-001F                         #
#                            -Z(DATA)DATA16_I,DATA16_Z,DATA16_N,TLS16_I=1C00-2 #
#                            3FF                                               #
#                            -Z(DATA)CODE_I                                    #
#                            -Z(DATA)DATA20_I,DATA20_Z,DATA20_N                #
#                            -Z(DATA)CSTACK+_STACK_SIZE#                       #
#                            -Z(CONST)DATA16_P,DATA20_P=4400-FF7F              #
#                            -Z(DATA)DATA16_HEAP+_DATA16_HEAP_SIZE             #
#                            -Z(DATA)DATA20_HEAP+_DATA20_HEAP_SIZE             #
#                            -Z(CONST)MPU_B1 -Z(CONST)IPE_B1=4400-FF7F         #
#                            -Z(DATA)IPEDATA16_N -Z(CODE)IPECODE16             #
#                            -Z(CONST)IPEDATA16_C,IPE_B2 -Z(CONST)MPU_B2       #
#                            -Z(CONST)DATA16_C,DATA16_ID,TLS16_ID,DIFUNCT,CHEC #
#                            KSUM=4400-FF7F                                    #
#                            -Z(CODE)CSTART,ISR_CODE,CODE16=4400-FF7F          #
#                            -P(CODE)CODE=4400-FF7F,10000-23FFF                #
#                            -Z(CODE)CODE_PAD                                  #
#                            -Z(CONST)DATA20_C,DATA20_ID,CODE_ID=4400-FF7F,100 #
#                            40-23FFF                                          #
#                            -Z(CONST)SIGNATURE=FF80-FF8F                      #
#                            -Z(CONST)JTAGSIGNATURE=FF80-FF83                  #
#                            -Z(CONST)BSLSIGNATURE=FF84-FF87                   #
#                            -Z(CONST)IPESIGNATURE=FF88-FF8F                   #
#                            -Z(CODE)INTVEC=FF90-FFFF                          #
#                            -Z(CODE)RESET=FFFE-FFFF) -f                       #
#                            "C:\Program Files (x86)\IAR Systems\Embedded Work #
#                            bench 8.4\430\config\linker\multiplier32.xcl"     #
#                            (-e?Mul8Hw=?Mul8 -e?Mul16Hw=?Mul16                #
#                            -e?Mul16to32uHw=?Mul16to32u                       #
#                            -e?Mul16to32sHw=?Mul16to32s -e?Mul32Hw32=?Mul32   #
#                            -e?Mul64Hw32=_Mul64i                              #
#                            -e?Mul32u32uto64iHw32=_Mul32u32uto64i             #
#                            -e?Mul32fHw32=_Mul32f                             #
#                            -e_Mul64fHw32Ptr=_Mul64fPtr) -D_STACK_SIZE=A0     #
#                            -rt -D_DATA16_HEAP_SIZE=A0                        #
#                            -D_DATA20_HEAP_SIZE=50)                           #
#                                                                              #
#                           Copyright (C) 1987-2018 IAR Systems AB.            #
################################################################################





                ****************************************
                *                                      *
                *           CROSS REFERENCE            *
                *                                      *
                ****************************************

                  There are no program entries.


                ****************************************
                *                                      *
                *    AUTOMATIC SYMBOL REDIRECTIONS     *
                *                                      *
                ****************************************

                  There are no automatic symbol redirections.



                ****************************************
                *                                      *
                *              MODULE MAP              *
                *                                      *
                ****************************************


  DEFINED ABSOLUTE ENTRIES
    *************************************************************************

  DEFINED ABSOLUTE ENTRIES
  PROGRAM MODULE, NAME : ?ABS_ENTRY_MOD

Absolute parts
           ENTRY                   ADDRESS         REF BY
           =====                   =======         ======
           _DATA20_HEAP_SIZE       0050 
           _DATA16_HEAP_SIZE       00A0 
           _STACK_SIZE             00A0 
           __iar_HWMUL             04C0 
    *************************************************************************

  FILE NAME : D:\Software\Back-end based\CIIC4082-Calculator\Debug\Obj\asm.r43
  PROGRAM MODULE, NAME : main

Absolute parts
     1C00 - 1C21
     FFFE - FFFF
           LOCAL                   ADDRESS         
           =====                   =======         
           __MSP430FR5922__        0000 
           digitH                  1C00 
           digitL                  1C0A 
           operH                   1C14 
           operL                   1C18 
           errorH                  1C1C 
           errorL                  1C1F 
  SEGMENTS IN THE MODULE
  ======================
CSTACK
  Relative segment, address: 2360, align: 1
  Segment part 0. ROOT 
    -------------------------------------------------------------------------
<CODE> 1 (was CODE)
  Relative segment, address: 4400 - 47D3 (0x3d4 bytes), align: 1
  Segment part 1. ROOT        Intra module refs:   Absolute parts
           ENTRY                   ADDRESS         REF BY
           =====                   =======         ======
           main                    4404 
           LOCAL                   ADDRESS         
           =====                   =======         
           init                    4400 
           setupCalc               4446 
           displayNumber           46FE 
           mainLoop                4462 
           pressed                 4470 
           delay                   451C 
           stillHoldDown           4506 
           checkState              447C 
           incNumberLoop           449A 
           incOperationLoop        44A8 
           resetCalc               448A 
           nextNumber              44B6 
           nextState               44CC 
           nextOperation           44E4 
           operationSelected       44FA 
           resetNumber             44C4 
           doTheMath               4526 
           resetOperation          44F2 
           displayOperation        4720 
           decrement               4520 
           combineDigits           454A 
           addNumbers              4580 
           subNumbers              45C4 
           mulNumbers              458C 
           devNumbers              45D0 
           firstDigitCombine       454A 
           secondDigitCombine      4556 
           thirdDigitCombine       4562 
           firstDigitCombine2      4564 
           secondDigitCombine2     4570 
           thirdDigitCombine2      457C 
           display0                4600 
           seperateDigits          4608 
           multSetup               4594 
           multAlgorithm           459C 
           multSwitchNumbers       45BC 
           multLoop                45A2 
           multDone                45B0 
           multReachedThousand     45B4 
           ceroIsOnDenominator     45FA 
           ceroIsOnNumerator       45F0 
           divLoop                 45DA 
           divEnd                  45E4 
           displayFirstSegment     477E 
           displayError            4732 
           sepDigSub               460E 
           seperate                4624 
           applyNegative           461C 
           loop                    462A 
           ones                    4652 
           tens                    4658 
           hundreds                465E 
           otherRegister           4642 
           thousands               4664 
           finished                467A 
           pushDigit               4674 
           subWithTenses           466A 
           displayResults          4694 
           displayNextDigit        469E 
           resultsDone             46F6 
           noMoreLeftZeros         46AE 
           displayFirstDigit       46CE 
           displaySecondDigit      46D8 
           displayThirdDigit       46DE 
           displayFourthDigit      46E4 
           displayFifthDigit       46EA 
           displaySixthDigit       46F0 
           displayNegative         46F8 
           displaySecondSegment    478C 
           displayThirdSegment     479A 
           displayFourthSegment    47A8 
           displayFifthSegment     47B6 
           displaySixthSegment     47C4 
           fin                     47D2 




                ****************************************
                *                                      *
                *      SEGMENTS IN ADDRESS ORDER       *
                *                                      *
                ****************************************


SEGMENT              SPACE    START ADDRESS   END ADDRESS     SIZE  TYPE  ALIGN
=======              =====    =============   ===========     ====  ====  =====
CSTACK                                 2360 - 23FF              A0   rel    1
<CODE> 1                               4400 - 47D3             3D4   rel    1
                                       1C00 - 1C21              22  aseg  
                                       FFFE - FFFF               2  aseg  

                ****************************************
                *                                      *
                *        END OF CROSS REFERENCE        *
                *                                      *
                ****************************************

 980 bytes of CODE memory (+ 36 absolute )
 160 bytes of DATA memory

Errors: none
Warnings: none

